WARNING: Solid "track_overlay" > Shape  > PBRAppearance "PBRAppearance" > ImageTexture : Texture image size of 'D:/用户/Lenovo/桌面/Robocup/generated/track_with_obstacle_start.png' is not a power of two: rescaling it from 3820x2600 to 4096x4096.
INFO: line_follow_transfer: Starting controller: python.exe -u line_follow_transfer.py
line_follow_transfer: camera=320x240, timestep=32ms
th=97 steer=17.41 ex=-7.539cm ang=-3.26deg z=58.92cm tg=0.481 mode=1 conf=0.420 lost=0 L=2.280 R=2.920 expx=-24.63 bmask=0 red=0.00 blk=0.00 bp=0.25 sym=-35.5 lock=0 cq=0.00
th=97 steer=12.92 ex=-5.924cm ang=-1.14deg z=58.92cm tg=0.026 mode=0 conf=0.348 lost=0 L=2.362 R=2.838 expx=-29.65 bmask=0 red=0.00 blk=0.00 bp=0.00 sym=0.0 lock=0 cq=0.00
th=98 steer=10.23 ex=-4.570cm ang=-3.06deg z=58.92cm tg=0.021 mode=0 conf=0.362 lost=0 L=2.688 R=3.064 expx=-23.16 bmask=0 red=0.00 blk=0.00 bp=0.00 sym=0.0 lock=0 cq=0.00
th=98 steer=7.73 ex=-3.495cm ang=-2.33deg z=58.92cm tg=0.019 mode=0 conf=0.342 lost=0 L=3.211 R=3.496 expx=-17.51 bmask=0 red=0.00 blk=0.00 bp=0.00 sym=0.0 lock=0 cq=0.00
th=98 steer=5.80 ex=-2.623cm ang=-0.91deg z=58.92cm tg=0.011 mode=0 conf=0.341 lost=0 L=3.719 R=3.933 expx=-13.21 bmask=0 red=0.00 blk=0.00 bp=0.00 sym=0.0 lock=0 cq=0.00
th=97 steer=4.12 ex=-1.935cm ang=0.10deg z=58.92cm tg=0.013 mode=0 conf=0.343 lost=0 L=4.229 R=4.381 expx=-9.77 bmask=0 red=0.00 blk=0.00 bp=0.00 sym=0.0 lock=0 cq=0.00
th=93 steer=3.90 ex=-1.437cm ang=-6.18deg z=58.92cm tg=0.005 mode=0 conf=0.345 lost=0 L=4.631 R=4.774 expx=-7.35 bmask=0 red=0.00 blk=0.00 bp=0.00 sym=0.0 lock=0 cq=0.00
th=96 steer=2.96 ex=-1.051cm ang=-4.65deg z=58.92cm tg=0.002 mode=0 conf=0.345 lost=0 L=5.101 R=5.210 expx=-5.53 bmask=0 red=0.00 blk=0.00 bp=0.00 sym=0.0 lock=0 cq=0.00
th=90 steer=-5.15 ex=-1.656cm ang=34.56deg z=18.94cm tg=1.000 mode=1 conf=0.357 lost=0 L=5.229 R=5.040 expx=-9.00 bmask=7 red=0.00 blk=0.00 bp=0.00 sym=0.0 lock=0 cq=0.00
th=97 steer=-2.17 ex=-2.387cm ang=36.56deg z=18.94cm tg=1.000 mode=1 conf=0.354 lost=0 L=5.401 R=5.321 expx=-12.38 bmask=7 red=0.00 blk=0.00 bp=0.00 sym=0.0 lock=0 cq=0.00
th=99 steer=0.15 ex=-2.979cm ang=38.91deg z=18.94cm tg=1.000 mode=1 conf=0.351 lost=0 L=5.513 R=5.518 expx=-15.12 bmask=7 red=0.00 blk=0.00 bp=0.00 sym=0.0 lock=0 cq=0.00
th=96 steer=2.06 ex=-3.435cm ang=39.49deg z=18.94cm tg=1.000 mode=1 conf=0.340 lost=0 L=5.331 R=5.407 expx=-17.75 bmask=7 red=0.00 blk=0.00 bp=0.00 sym=0.0 lock=0 cq=0.00
th=97 steer=3.31 ex=-3.818cm ang=40.92deg z=18.94cm tg=0.875 mode=0 conf=0.335 lost=0 L=5.214 R=5.335 expx=-19.75 bmask=7 red=0.00 blk=0.00 bp=0.00 sym=0.0 lock=0 cq=0.00
th=96 steer=4.66 ex=-4.214cm ang=41.23deg z=18.94cm tg=0.600 mode=0 conf=0.261 lost=0 L=5.086 R=5.258 expx=-21.25 bmask=7 red=0.00 blk=0.00 bp=0.00 sym=0.0 lock=0 cq=0.00
th=95 steer=5.55 ex=-4.461cm ang=42.22deg z=19.09cm tg=0.506 mode=0 conf=0.220 lost=0 L=5.002 R=5.206 expx=-23.00 bmask=7 red=0.00 blk=0.00 bp=0.00 sym=0.0 lock=0 cq=0.00
th=97 steer=6.12 ex=-4.782cm ang=41.90deg z=19.24cm tg=0.644 mode=0 conf=0.196 lost=0 L=4.947 R=5.173 expx=-25.00 bmask=7 red=0.00 blk=0.00 bp=0.00 sym=0.0 lock=0 cq=0.00
th=94 steer=6.20 ex=-4.979cm ang=42.55deg z=19.40cm tg=0.750 mode=0 conf=0.176 lost=0 L=4.940 R=5.168 expx=-26.00 bmask=7 red=0.00 blk=0.00 bp=0.00 sym=0.0 lock=0 cq=0.00
th=98 steer=7.38 ex=-5.218cm ang=42.62deg z=19.40cm tg=0.575 mode=0 conf=0.148 lost=0 L=4.828 R=5.100 expx=-27.50 bmask=7 red=0.00 blk=0.00 bp=0.00 sym=0.0 lock=0 cq=0.00
th=96 steer=7.66 ex=-5.406cm ang=43.36deg z=19.56cm tg=0.550 mode=0 conf=0.114 lost=0 L=4.802 R=5.084 expx=-28.25 bmask=7 red=0.00 blk=0.00 bp=0.00 sym=0.0 lock=0 cq=0.00
th=97 steer=8.22 ex=-5.521cm ang=43.53deg z=19.56cm tg=0.450 mode=0 conf=0.114 lost=0 L=4.750 R=5.052 expx=-29.00 bmask=7 red=0.00 blk=0.00 bp=0.00 sym=0.0 lock=0 cq=0.00
th=97 steer=9.26 ex=-5.658cm ang=44.14deg z=19.71cm tg=0.250 mode=0 conf=0.110 lost=0 L=4.651 R=4.992 expx=-29.50 bmask=7 red=0.00 blk=0.00 bp=0.00 sym=0.0 lock=0 cq=0.00
th=97 steer=6.35 ex=-4.459cm ang=53.34deg z=19.71cm tg=0.225 mode=0 conf=0.110 lost=0 L=4.927 R=5.160 expx=-23.50 bmask=7 red=0.00 blk=0.00 bp=0.00 sym=0.0 lock=0 cq=0.00
th=98 steer=6.94 ex=-4.648cm ang=53.73deg z=19.87cm tg=0.188 mode=0 conf=0.106 lost=0 L=4.870 R=5.126 expx=-24.50 bmask=7 red=0.00 blk=0.00 bp=0.00 sym=0.0 lock=0 cq=0.00
th=91 steer=7.54 ex=-4.838cm ang=54.07deg z=20.03cm tg=0.250 mode=0 conf=0.103 lost=0 L=4.814 R=5.091 expx=-25.50 bmask=7 red=0.00 blk=0.00 bp=0.00 sym=0.0 lock=0 cq=0.00
th=94 steer=6.96 ex=-5.028cm ang=54.51deg z=20.03cm tg=0.650 mode=0 conf=0.103 lost=0 L=4.868 R=5.124 expx=-26.50 bmask=7 red=0.00 blk=0.00 bp=0.00 sym=0.0 lock=0 cq=0.00
th=97 steer=7.64 ex=-5.265cm ang=54.61deg z=20.18cm tg=0.525 mode=0 conf=0.099 lost=0 L=4.804 R=5.085 expx=-27.75 bmask=7 red=0.00 blk=0.00 bp=0.00 sym=0.0 lock=0 cq=0.00
th=95 steer=7.80 ex=-5.408cm ang=54.37deg z=20.18cm tg=0.900 mode=0 conf=0.099 lost=0 L=4.789 R=5.076 expx=-28.50 bmask=7 red=0.00 blk=0.00 bp=0.00 sym=0.0 lock=0 cq=0.00
th=95 steer=8.40 ex=-5.645cm ang=54.94deg z=20.34cm tg=0.762 mode=0 conf=0.096 lost=0 L=4.732 R=5.041 expx=-29.75 bmask=7 red=0.00 blk=0.00 bp=0.00 sym=0.0 lock=0 cq=0.00
th=97 steer=9.94 ex=-5.787cm ang=54.56deg z=20.34cm tg=1.000 mode=1 conf=0.096 lost=0 L=4.587 R=4.952 expx=-30.50 bmask=7 red=0.00 blk=0.00 bp=0.00 sym=0.0 lock=0 cq=0.00
th=94 steer=10.00 ex=-5.835cm ang=54.61deg z=20.34cm tg=1.000 mode=1 conf=0.096 lost=0 L=4.581 R=4.949 expx=-30.75 bmask=7 red=0.00 blk=0.00 bp=0.00 sym=0.0 lock=0 cq=0.00
th=91 steer=10.34 ex=-5.787cm ang=39.62deg z=33.50cm tg=1.000 mode=1 conf=0.128 lost=0 L=4.549 R=4.929 expx=-30.50 bmask=3 red=0.00 blk=0.00 bp=0.00 sym=0.0 lock=0 cq=0.00
th=95 steer=10.54 ex=-5.834cm ang=39.36deg z=33.50cm tg=1.000 mode=1 conf=0.128 lost=0 L=4.530 R=4.918 expx=-30.75 bmask=3 red=0.00 blk=0.00 bp=0.00 sym=0.0 lock=0 cq=0.00
th=93 steer=10.38 ex=-5.787cm ang=39.28deg z=33.50cm tg=1.000 mode=1 conf=0.128 lost=0 L=4.545 R=4.927 expx=-30.50 bmask=3 red=0.00 blk=0.00 bp=0.00 sym=0.0 lock=0 cq=0.00
th=94 steer=10.43 ex=-5.787cm ang=39.24deg z=33.50cm tg=1.000 mode=1 conf=0.128 lost=0 L=4.540 R=4.924 expx=-30.50 bmask=3 red=0.00 blk=0.00 bp=0.00 sym=0.0 lock=0 cq=0.00
th=91 steer=10.41 ex=-5.787cm ang=39.44deg z=33.50cm tg=1.000 mode=1 conf=0.128 lost=0 L=4.542 R=4.925 expx=-30.50 bmask=3 red=0.00 blk=0.00 bp=0.00 sym=0.0 lock=0 cq=0.00
th=93 steer=10.41 ex=-5.787cm ang=39.34deg z=33.50cm tg=1.000 mode=1 conf=0.128 lost=0 L=4.542 R=4.925 expx=-30.50 bmask=3 red=0.00 blk=0.00 bp=0.00 sym=0.0 lock=0 cq=0.00
th=92 steer=10.41 ex=-5.787cm ang=39.40deg z=33.50cm tg=1.000 mode=1 conf=0.128 lost=0 L=4.542 R=4.925 expx=-30.50 bmask=3 red=0.00 blk=0.00 bp=0.00 sym=0.0 lock=0 cq=0.00
th=95 steer=10.40 ex=-5.787cm ang=39.37deg z=33.50cm tg=1.000 mode=1 conf=0.128 lost=0 L=4.543 R=4.926 expx=-30.50 bmask=3 red=0.00 blk=0.00 bp=0.00 sym=0.0 lock=0 cq=0.00
th=97 steer=10.43 ex=-5.787cm ang=39.48deg z=33.50cm tg=1.000 mode=1 conf=0.128 lost=0 L=4.541 R=4.924 expx=-30.50 bmask=3 red=0.00 blk=0.00 bp=0.00 sym=0.0 lock=0 cq=0.00
th=94 steer=10.42 ex=-5.787cm ang=39.50deg z=33.50cm tg=1.000 mode=1 conf=0.128 lost=0 L=4.542 R=4.925 expx=-30.50 bmask=3 red=0.00 blk=0.00 bp=0.00 sym=0.0 lock=0 cq=0.00
th=94 steer=10.27 ex=-5.739cm ang=39.58deg z=33.50cm tg=1.000 mode=1 conf=0.128 lost=0 L=4.556 R=4.933 expx=-30.25 bmask=3 red=0.00 blk=0.00 bp=0.00 sym=0.0 lock=0 cq=0.00
th=94 steer=10.34 ex=-5.739cm ang=39.19deg z=33.50cm tg=1.000 mode=1 conf=0.128 lost=0 L=4.548 R=4.929 expx=-30.25 bmask=3 red=0.00 blk=0.00 bp=0.00 sym=0.0 lock=0 cq=0.00
th=94 steer=10.31 ex=-5.740cm ang=39.15deg z=33.50cm tg=1.000 mode=1 conf=0.128 lost=0 L=4.551 R=4.931 expx=-30.25 bmask=3 red=0.00 blk=0.00 bp=0.00 sym=0.0 lock=0 cq=0.00
th=94 steer=10.30 ex=-5.739cm ang=39.48deg z=33.50cm tg=1.000 mode=1 conf=0.128 lost=0 L=4.553 R=4.932 expx=-30.25 bmask=3 red=0.00 blk=0.00 bp=0.00 sym=0.0 lock=0 cq=0.00
th=94 steer=10.33 ex=-5.739cm ang=39.10deg z=33.50cm tg=1.000 mode=1 conf=0.128 lost=0 L=4.550 R=4.930 expx=-30.25 bmask=3 red=0.00 blk=0.00 bp=0.00 sym=0.0 lock=0 cq=0.00
th=93 steer=10.34 ex=-5.739cm ang=39.59deg z=33.50cm tg=1.000 mode=1 conf=0.128 lost=0 L=4.549 R=4.930 expx=-30.25 bmask=3 red=0.00 blk=0.00 bp=0.00 sym=0.0 lock=0 cq=0.00
th=94 steer=10.30 ex=-5.739cm ang=39.65deg z=33.50cm tg=1.000 mode=1 conf=0.128 lost=0 L=4.553 R=4.932 expx=-30.25 bmask=3 red=0.00 blk=0.00 bp=0.00 sym=0.0 lock=0 cq=0.00
th=96 steer=10.24 ex=-5.739cm ang=40.00deg z=33.50cm tg=1.000 mode=1 conf=0.128 lost=0 L=4.558 R=4.935 expx=-30.25 bmask=3 red=0.00 blk=0.00 bp=0.00 sym=0.0 lock=0 cq=0.00
th=85 steer=10.41 ex=-5.787cm ang=39.85deg z=33.50cm tg=1.000 mode=1 conf=0.128 lost=0 L=4.542 R=4.925 expx=-30.50 bmask=3 red=0.00 blk=0.00 bp=0.00 sym=0.0 lock=0 cq=0.00
th=97 steer=10.43 ex=-5.787cm ang=39.68deg z=33.50cm tg=1.000 mode=1 conf=0.128 lost=0 L=4.541 R=4.924 expx=-30.50 bmask=3 red=0.00 blk=0.00 bp=0.00 sym=0.0 lock=0 cq=0.00
th=90 steer=10.47 ex=-5.787cm ang=39.52deg z=33.50cm tg=1.000 mode=1 conf=0.128 lost=0 L=4.536 R=4.922 expx=-30.50 bmask=3 red=0.00 blk=0.00 bp=0.00 sym=0.0 lock=0 cq=0.00
th=96 steer=10.30 ex=-5.739cm ang=39.60deg z=33.50cm tg=1.000 mode=1 conf=0.128 lost=0 L=4.553 R=4.932 expx=-30.25 bmask=3 red=0.00 blk=0.00 bp=0.00 sym=0.0 lock=0 cq=0.00
th=96 steer=9.54 ex=-5.692cm ang=54.15deg z=20.34cm tg=1.000 mode=1 conf=0.096 lost=0 L=4.625 R=4.976 expx=-30.00 bmask=7 red=0.00 blk=0.00 bp=0.00 sym=0.0 lock=0 cq=0.00
th=93 steer=10.33 ex=-5.739cm ang=39.77deg z=33.50cm tg=1.000 mode=1 conf=0.128 lost=0 L=4.550 R=4.930 expx=-30.25 bmask=3 red=0.00 blk=0.00 bp=0.00 sym=0.0 lock=0 cq=0.00
th=98 steer=10.31 ex=-5.739cm ang=39.98deg z=33.50cm tg=1.000 mode=1 conf=0.128 lost=0 L=4.552 R=4.931 expx=-30.25 bmask=3 red=0.00 blk=0.00 bp=0.00 sym=0.0 lock=0 cq=0.00
th=95 steer=10.52 ex=-5.787cm ang=39.75deg z=33.50cm tg=1.000 mode=1 conf=0.128 lost=0 L=4.532 R=4.919 expx=-30.50 bmask=3 red=0.00 blk=0.00 bp=0.00 sym=0.0 lock=0 cq=0.00
th=98 steer=9.71 ex=-5.739cm ang=54.47deg z=20.34cm tg=1.000 mode=1 conf=0.096 lost=0 L=4.609 R=4.966 expx=-30.25 bmask=7 red=0.00 blk=0.00 bp=0.00 sym=0.0 lock=0 cq=0.00
th=96 steer=9.93 ex=-5.787cm ang=54.31deg z=20.34cm tg=1.000 mode=1 conf=0.096 lost=0 L=4.588 R=4.953 expx=-30.50 bmask=7 red=0.00 blk=0.00 bp=0.00 sym=0.0 lock=0 cq=0.00
th=95 steer=9.96 ex=-5.787cm ang=54.22deg z=20.34cm tg=1.000 mode=1 conf=0.096 lost=0 L=4.585 R=4.951 expx=-30.50 bmask=7 red=0.00 blk=0.00 bp=0.00 sym=0.0 lock=0 cq=0.00
th=92 steer=10.01 ex=-5.787cm ang=54.08deg z=20.34cm tg=1.000 mode=1 conf=0.096 lost=0 L=4.580 R=4.948 expx=-30.50 bmask=7 red=0.00 blk=0.00 bp=0.00 sym=0.0 lock=0 cq=0.00
th=96 steer=10.20 ex=-5.834cm ang=54.27deg z=20.34cm tg=1.000 mode=1 conf=0.096 lost=0 L=4.562 R=4.938 expx=-30.75 bmask=7 red=0.00 blk=0.00 bp=0.00 sym=0.0 lock=0 cq=0.00
th=96 steer=10.30 ex=-5.882cm ang=54.51deg z=20.34cm tg=1.000 mode=1 conf=0.096 lost=0 L=4.552 R=4.932 expx=-31.00 bmask=7 red=0.00 blk=0.00 bp=0.00 sym=0.0 lock=0 cq=0.00
th=93 steer=10.50 ex=-5.929cm ang=54.40deg z=20.34cm tg=1.000 mode=1 conf=0.096 lost=0 L=4.533 R=4.920 expx=-31.25 bmask=7 red=0.00 blk=0.00 bp=0.00 sym=0.0 lock=0 cq=0.00
th=97 steer=10.62 ex=-5.977cm ang=54.54deg z=20.34cm tg=1.000 mode=1 conf=0.096 lost=0 L=4.523 R=4.913 expx=-31.50 bmask=7 red=0.00 blk=0.00 bp=0.00 sym=0.0 lock=0 cq=0.00
th=96 steer=10.65 ex=-5.977cm ang=54.18deg z=20.34cm tg=1.000 mode=1 conf=0.096 lost=0 L=4.519 R=4.911 expx=-31.50 bmask=7 red=0.00 blk=0.00 bp=0.00 sym=0.0 lock=0 cq=0.00
th=96 steer=9.60 ex=-6.024cm ang=54.24deg z=20.34cm tg=0.963 mode=0 conf=0.096 lost=0 L=4.619 R=4.972 expx=-31.75 bmask=7 red=0.00 blk=0.00 bp=0.00 sym=0.0 lock=0 cq=0.00
th=98 steer=9.83 ex=-6.119cm ang=54.31deg z=20.34cm tg=0.938 mode=0 conf=0.096 lost=0 L=4.597 R=4.959 expx=-32.25 bmask=7 red=0.00 blk=0.00 bp=0.00 sym=0.0 lock=0 cq=0.00
th=97 steer=9.91 ex=-6.167cm ang=54.47deg z=20.34cm tg=0.950 mode=0 conf=0.096 lost=0 L=4.589 R=4.954 expx=-32.50 bmask=7 red=0.00 blk=0.00 bp=0.00 sym=0.0 lock=0 cq=0.00
th=96 steer=10.21 ex=-6.261cm ang=54.30deg z=20.34cm tg=0.925 mode=0 conf=0.096 lost=0 L=4.561 R=4.937 expx=-33.00 bmask=7 red=0.00 blk=0.00 bp=0.00 sym=0.0 lock=0 cq=0.00
th=95 steer=10.16 ex=-6.261cm ang=54.56deg z=20.34cm tg=0.875 mode=0 conf=0.096 lost=0 L=4.565 R=4.939 expx=-33.00 bmask=7 red=0.00 blk=0.00 bp=0.00 sym=0.0 lock=0 cq=0.00
th=96 steer=10.52 ex=-6.356cm ang=54.16deg z=20.34cm tg=0.775 mode=0 conf=0.096 lost=0 L=4.532 R=4.919 expx=-33.50 bmask=7 red=0.00 blk=0.00 bp=0.00 sym=0.0 lock=0 cq=0.00
th=87 steer=10.55 ex=-6.356cm ang=53.91deg z=20.34cm tg=0.725 mode=0 conf=0.096 lost=0 L=4.529 R=4.917 expx=-33.50 bmask=7 red=0.00 blk=0.00 bp=0.00 sym=0.0 lock=0 cq=0.00
th=95 steer=10.66 ex=-6.356cm ang=52.85deg z=20.18cm tg=0.700 mode=0 conf=0.099 lost=0 L=4.518 R=4.911 expx=-33.50 bmask=7 red=0.00 blk=0.00 bp=0.00 sym=0.0 lock=0 cq=0.00
th=97 steer=10.52 ex=-6.261cm ang=51.68deg z=20.03cm tg=0.675 mode=0 conf=0.103 lost=0 L=4.532 R=4.919 expx=-33.00 bmask=7 red=0.00 blk=0.00 bp=0.00 sym=0.0 lock=0 cq=0.00
th=93 steer=10.73 ex=-6.309cm ang=51.37deg z=19.87cm tg=0.613 mode=0 conf=0.106 lost=0 L=4.512 R=4.907 expx=-33.25 bmask=7 red=0.00 blk=0.00 bp=0.00 sym=0.0 lock=0 cq=0.00
th=96 steer=10.62 ex=-6.214cm ang=50.45deg z=19.71cm tg=0.537 mode=0 conf=0.110 lost=0 L=4.522 R=4.913 expx=-32.75 bmask=7 red=0.00 blk=0.00 bp=0.00 sym=0.0 lock=0 cq=0.00
th=96 steer=10.62 ex=-6.167cm ang=49.84deg z=19.56cm tg=0.425 mode=0 conf=0.114 lost=0 L=4.522 R=4.913 expx=-32.50 bmask=7 red=0.00 blk=0.00 bp=0.00 sym=0.0 lock=0 cq=0.00
th=93 steer=10.77 ex=-6.167cm ang=48.81deg z=19.24cm tg=0.350 mode=0 conf=0.121 lost=0 L=4.509 R=4.905 expx=-32.50 bmask=7 red=0.00 blk=0.00 bp=0.00 sym=0.0 lock=0 cq=0.00
th=95 steer=11.34 ex=-6.024cm ang=47.86deg z=18.94cm tg=0.263 mode=0 conf=0.128 lost=0 L=4.454 R=4.871 expx=-31.75 bmask=7 red=0.00 blk=0.00 bp=0.00 sym=0.0 lock=0 cq=0.00
th=99 steer=10.54 ex=-5.977cm ang=47.39deg z=18.94cm tg=0.000 mode=0 conf=0.128 lost=0 L=4.530 R=4.918 expx=-31.50 bmask=7 red=0.00 blk=0.00 bp=0.00 sym=0.0 lock=0 cq=0.00
th=96 steer=10.13 ex=-5.882cm ang=46.17deg z=18.94cm tg=0.887 mode=0 conf=0.136 lost=0 L=4.569 R=4.942 expx=-31.00 bmask=7 red=0.00 blk=0.00 bp=0.00 sym=0.0 lock=0 cq=0.00
th=93 steer=10.20 ex=-5.787cm ang=45.11deg z=18.94cm tg=0.425 mode=0 conf=0.149 lost=0 L=4.562 R=4.937 expx=-30.50 bmask=7 red=0.00 blk=0.00 bp=0.00 sym=0.0 lock=0 cq=0.00
th=95 steer=10.65 ex=-5.787cm ang=44.13deg z=18.94cm tg=0.075 mode=0 conf=0.133 lost=0 L=4.520 R=4.912 expx=-30.50 bmask=7 red=0.00 blk=0.00 bp=0.00 sym=0.0 lock=0 cq=0.00
th=95 steer=10.28 ex=-5.597cm ang=43.19deg z=18.94cm tg=0.081 mode=0 conf=0.109 lost=0 L=4.554 R=4.933 expx=-29.50 bmask=7 red=0.00 blk=0.00 bp=0.00 sym=0.0 lock=0 cq=0.00
th=97 steer=9.42 ex=-5.597cm ang=42.30deg z=18.94cm tg=0.275 mode=0 conf=0.128 lost=0 L=4.635 R=4.982 expx=-29.50 bmask=5 red=0.00 blk=0.00 bp=0.00 sym=0.0 lock=0 cq=0.00
th=96 steer=9.02 ex=-5.597cm ang=41.56deg z=18.94cm tg=0.494 mode=0 conf=0.128 lost=0 L=4.674 R=5.006 expx=-29.50 bmask=5 red=0.00 blk=0.00 bp=0.00 sym=0.0 lock=0 cq=0.00
th=97 steer=12.46 ex=-5.787cm ang=15.35deg z=18.94cm tg=1.000 mode=1 conf=0.128 lost=0 L=4.348 R=4.807 expx=-30.50 bmask=5 red=0.00 blk=0.00 bp=0.00 sym=0.0 lock=0 cq=0.00
th=96 steer=5.62 ex=-5.929cm ang=42.54deg z=18.94cm tg=1.000 mode=1 conf=0.128 lost=0 L=4.995 R=5.202 expx=-31.25 bmask=5 red=0.00 blk=0.00 bp=0.00 sym=0.0 lock=0 cq=0.00
th=96 steer=11.88 ex=-6.024cm ang=42.18deg z=18.94cm tg=0.019 mode=0 conf=0.128 lost=0 L=4.403 R=4.840 expx=-31.75 bmask=5 red=0.00 blk=0.00 bp=0.00 sym=0.0 lock=0 cq=0.00
th=96 steer=8.78 ex=-6.072cm ang=43.77deg z=18.94cm tg=0.912 mode=0 conf=0.128 lost=0 L=4.696 R=5.019 expx=-32.00 bmask=5 red=0.00 blk=0.00 bp=0.00 sym=0.0 lock=0 cq=0.00
th=97 steer=7.90 ex=-6.214cm ang=43.77deg z=18.94cm tg=1.000 mode=1 conf=0.128 lost=0 L=4.779 R=5.070 expx=-32.75 bmask=5 red=0.00 blk=0.00 bp=0.00 sym=0.0 lock=0 cq=0.00
th=96 steer=7.52 ex=-6.546cm ang=44.65deg z=18.94cm tg=1.000 mode=1 conf=0.128 lost=0 L=4.815 R=5.092 expx=-34.50 bmask=5 red=0.00 blk=0.00 bp=0.00 sym=0.0 lock=0 cq=0.00
th=94 steer=7.92 ex=-6.878cm ang=44.84deg z=18.94cm tg=1.000 mode=1 conf=0.128 lost=0 L=4.778 R=5.069 expx=-36.25 bmask=5 red=0.00 blk=0.00 bp=0.00 sym=0.0 lock=0 cq=0.00
th=98 steer=12.73 ex=-6.106cm ang=34.74deg z=18.94cm tg=1.000 mode=1 conf=0.203 lost=0 L=4.323 R=4.791 expx=-32.75 bmask=5 red=0.00 blk=0.00 bp=0.00 sym=0.0 lock=0 cq=0.00
th=94 steer=11.53 ex=-5.482cm ang=15.71deg z=18.94cm tg=1.000 mode=1 conf=0.306 lost=0 L=4.436 R=4.861 expx=-28.25 bmask=7 red=0.00 blk=0.00 bp=0.00 sym=0.0 lock=0 cq=0.00
th=94 steer=10.59 ex=-5.375cm ang=14.91deg z=18.94cm tg=1.000 mode=1 conf=0.294 lost=0 L=4.526 R=4.915 expx=-25.75 bmask=7 red=0.00 blk=0.00 bp=0.00 sym=0.0 lock=0 cq=0.00
th=95 steer=28.57 ex=-6.799cm ang=22.30deg z=18.94cm tg=1.000 mode=1 conf=0.416 lost=0 L=2.825 R=3.876 expx=-58.65 bmask=6 red=0.00 blk=0.00 bp=0.00 sym=0.0 lock=0 cq=0.00
th=98 steer=18.67 ex=-5.179cm ang=16.23deg z=18.94cm tg=0.870 mode=0 conf=0.429 lost=0 L=3.761 R=4.448 expx=-46.72 bmask=6 red=0.00 blk=0.00 bp=0.00 sym=0.0 lock=0 cq=0.00
th=99 steer=14.19 ex=-9.416cm ang=12.33deg z=18.94cm tg=1.000 mode=1 conf=0.548 lost=0 L=4.371 R=4.893 expx=-30.77 bmask=6 red=0.00 blk=0.00 bp=0.25 sym=-3.0 lock=0 cq=0.31
th=98 steer=7.30 ex=-4.081cm ang=-15.20deg z=18.94cm tg=1.000 mode=1 conf=0.410 lost=0 L=4.971 R=5.240 expx=-13.33 bmask=7 red=0.00 blk=0.00 bp=0.67 sym=21.9 lock=0 cq=0.20
th=99 steer=8.86 ex=-5.022cm ang=6.94deg z=18.94cm tg=1.000 mode=1 conf=0.601 lost=0 L=5.005 R=5.330 expx=-16.41 bmask=7 red=0.00 blk=0.00 bp=0.83 sym=-19.4 lock=0 cq=0.48
th=98 steer=5.07 ex=-2.574cm ang=5.20deg z=18.94cm tg=0.894 mode=0 conf=0.452 lost=0 L=5.047 R=5.234 expx=-13.50 bmask=7 red=0.00 blk=0.00 bp=0.00 sym=0.0 lock=0 cq=0.00
th=99 steer=4.88 ex=-2.370cm ang=4.84deg z=18.94cm tg=0.750 mode=0 conf=0.454 lost=0 L=5.065 R=5.244 expx=-12.50 bmask=7 red=0.00 blk=0.00 bp=0.00 sym=0.0 lock=0 cq=0.00
th=98 steer=4.36 ex=-2.138cm ang=3.43deg z=18.94cm tg=0.637 mode=0 conf=0.450 lost=0 L=5.114 R=5.275 expx=-11.00 bmask=7 red=0.00 blk=0.00 bp=0.00 sym=0.0 lock=0 cq=0.00
th=99 steer=4.05 ex=-1.940cm ang=4.35deg z=18.94cm tg=0.519 mode=0 conf=0.444 lost=0 L=5.144 R=5.293 expx=-10.25 bmask=7 red=0.00 blk=0.00 bp=0.00 sym=0.0 lock=0 cq=0.00
th=100 steer=2.08 ex=-2.688cm ang=14.94deg z=18.94cm tg=0.430 mode=0 conf=0.492 lost=0 L=5.532 R=5.609 expx=-8.78 bmask=7 red=0.00 blk=0.00 bp=0.08 sym=-5.0 lock=0 cq=0.28
th=98 steer=2.65 ex=-2.099cm ang=2.66deg z=18.94cm tg=0.407 mode=0 conf=0.532 lost=0 L=5.493 R=5.591 expx=-6.86 bmask=7 red=0.00 blk=0.00 bp=0.50 sym=3.5 lock=0 cq=0.30
th=100 steer=5.35 ex=-2.721cm ang=1.65deg z=18.94cm tg=0.155 mode=1 conf=0.413 lost=0 L=5.066 R=5.263 expx=-8.89 bmask=7 red=0.00 blk=0.00 bp=0.08 sym=-19.5 lock=0 cq=0.07
th=100 steer=2.92 ex=-1.121cm ang=1.65deg z=18.94cm tg=0.150 mode=0 conf=0.359 lost=0 L=5.250 R=5.358 expx=-6.00 bmask=7 red=0.00 blk=0.00 bp=0.00 sym=0.0 lock=0 cq=0.00
th=97 steer=2.29 ex=-0.923cm ang=1.78deg z=18.94cm tg=0.081 mode=0 conf=0.396 lost=0 L=5.310 R=5.394 expx=-5.00 bmask=7 red=0.00 blk=0.00 bp=0.00 sym=0.0 lock=0 cq=0.00
th=97 steer=1.87 ex=-0.772cm ang=0.90deg z=18.94cm tg=0.050 mode=0 conf=0.416 lost=0 L=5.350 R=5.418 expx=-4.00 bmask=7 red=0.00 blk=0.00 bp=0.00 sym=0.0 lock=0 cq=0.00
th=93 steer=1.40 ex=-0.607cm ang=1.01deg z=18.94cm tg=0.013 mode=0 conf=0.425 lost=0 L=5.394 R=5.445 expx=-3.25 bmask=7 red=0.00 blk=0.00 bp=0.00 sym=0.0 lock=0 cq=0.00
th=97 steer=1.17 ex=-0.494cm ang=-0.22deg z=18.94cm tg=0.019 mode=0 conf=0.430 lost=0 L=5.416 R=5.459 expx=-2.62 bmask=7 red=0.00 blk=0.00 bp=0.00 sym=0.0 lock=0 cq=0.00
th=97 steer=0.86 ex=-0.390cm ang=-0.02deg z=18.94cm tg=0.025 mode=0 conf=0.324 lost=0 L=5.445 R=5.477 expx=-2.00 bmask=7 red=0.00 blk=0.00 bp=0.00 sym=0.0 lock=0 cq=0.00
th=97 steer=0.58 ex=-0.363cm ang=1.59deg z=18.94cm tg=0.056 mode=0 conf=0.315 lost=0 L=5.471 R=5.493 expx=-1.88 bmask=7 red=0.00 blk=0.00 bp=0.00 sym=0.0 lock=0 cq=0.00
th=94 steer=0.86 ex=-0.628cm ang=5.32deg z=18.94cm tg=0.144 mode=0 conf=0.425 lost=0 L=5.445 R=5.477 expx=-3.38 bmask=7 red=0.00 blk=0.00 bp=0.00 sym=0.0 lock=0 cq=0.00
th=98 steer=0.94 ex=-1.150cm ang=3.16deg z=18.94cm tg=0.213 mode=0 conf=0.538 lost=0 L=5.673 R=5.708 expx=-3.76 bmask=7 red=0.00 blk=0.00 bp=0.08 sym=-2.2 lock=0 cq=0.32
th=94 steer=0.59 ex=-0.937cm ang=3.29deg z=18.94cm tg=0.197 mode=0 conf=0.547 lost=0 L=5.686 R=5.707 expx=-3.06 bmask=7 red=0.00 blk=0.00 bp=0.33 sym=-4.2 lock=0 cq=0.29
th=93 steer=0.12 ex=-0.705cm ang=6.92deg z=18.94cm tg=0.109 mode=0 conf=0.824 lost=0 L=6.045 R=6.049 expx=-2.30 bmask=7 red=0.00 blk=0.00 bp=0.83 sym=-3.8 lock=1 cq=0.70
th=98 steer=-0.20 ex=-0.419cm ang=9.12deg z=18.94cm tg=0.013 mode=0 conf=0.835 lost=0 L=6.235 R=6.227 expx=-1.37 bmask=7 red=0.00 blk=0.00 bp=1.00 sym=-2.9 lock=1 cq=0.96
th=97 steer=-0.25 ex=-0.282cm ang=11.09deg z=18.94cm tg=0.129 mode=0 conf=0.837 lost=0 L=6.240 R=6.231 expx=-0.92 bmask=7 red=0.00 blk=0.00 bp=1.00 sym=-2.1 lock=1 cq=0.97
th=97 steer=-1.53 ex=-0.068cm ang=13.36deg z=18.94cm tg=0.314 mode=0 conf=0.846 lost=0 L=6.164 R=6.107 expx=-0.22 bmask=7 red=0.00 blk=0.00 bp=1.00 sym=-1.1 lock=1 cq=0.98
th=96 steer=-1.49 ex=-0.152cm ang=16.23deg z=18.94cm tg=0.513 mode=0 conf=0.884 lost=0 L=6.163 R=6.108 expx=-0.50 bmask=7 red=0.00 blk=0.00 bp=1.00 sym=-1.5 lock=1 cq=0.98
th=95 steer=-1.63 ex=-0.267cm ang=18.80deg z=18.94cm tg=0.763 mode=0 conf=0.923 lost=0 L=6.154 R=6.094 expx=-0.87 bmask=7 red=0.00 blk=0.00 bp=1.00 sym=-1.4 lock=1 cq=0.98
th=94 steer=-1.54 ex=-0.482cm ang=20.47deg z=18.94cm tg=0.996 mode=0 conf=0.921 lost=0 L=6.155 R=6.098 expx=-1.57 bmask=7 red=0.00 blk=0.00 bp=1.00 sym=-1.9 lock=1 cq=0.97
th=98 steer=-1.72 ex=-0.765cm ang=23.24deg z=18.94cm tg=1.000 mode=1 conf=0.931 lost=0 L=6.136 R=6.073 expx=-2.50 bmask=7 red=0.00 blk=0.00 bp=1.00 sym=-2.5 lock=1 cq=0.96
th=95 steer=-1.54 ex=-1.071cm ang=25.20deg z=18.94cm tg=1.000 mode=1 conf=0.905 lost=0 L=6.138 R=6.081 expx=-3.50 bmask=7 red=0.00 blk=0.00 bp=1.00 sym=-3.5 lock=1 cq=0.95
th=96 steer=-1.46 ex=-1.377cm ang=27.53deg z=18.94cm tg=1.000 mode=1 conf=0.875 lost=0 L=6.132 R=6.078 expx=-4.50 bmask=7 red=0.00 blk=0.00 bp=1.00 sym=-4.5 lock=1 cq=0.93
th=88 steer=-1.11 ex=-1.807cm ang=29.80deg z=18.94cm tg=1.000 mode=1 conf=0.832 lost=0 L=6.145 R=6.104 expx=-5.90 bmask=7 red=0.00 blk=0.00 bp=1.00 sym=-5.5 lock=1 cq=0.92
th=97 steer=-2.05 ex=-1.960cm ang=31.58deg z=18.94cm tg=1.000 mode=1 conf=0.825 lost=0 L=6.076 R=6.001 expx=-6.40 bmask=7 red=0.00 blk=0.00 bp=1.00 sym=-6.0 lock=1 cq=0.91
th=96 steer=5.46 ex=-1.517cm ang=-37.79deg z=18.94cm tg=1.000 mode=1 conf=0.777 lost=0 L=5.669 R=5.870 expx=-4.96 bmask=7 red=0.00 blk=0.00 bp=1.00 sym=-3.8 lock=1 cq=0.95
th=98 steer=4.06 ex=-0.761cm ang=-40.34deg z=18.94cm tg=1.000 mode=1 conf=0.525 lost=0 L=5.382 R=5.532 expx=-2.49 bmask=7 red=0.00 blk=0.00 bp=0.33 sym=-0.9 lock=0 cq=0.34
th=98 steer=3.12 ex=-0.096cm ang=-41.79deg z=18.94cm tg=1.000 mode=1 conf=0.400 lost=0 L=5.231 R=5.346 expx=-0.50 bmask=7 red=0.00 blk=0.00 bp=0.00 sym=0.0 lock=0 cq=0.00
th=96 steer=3.43 ex=0.313cm ang=-42.63deg z=18.94cm tg=0.156 mode=0 conf=0.388 lost=0 L=5.202 R=5.328 expx=1.75 bmask=7 red=0.00 blk=0.00 bp=0.00 sym=0.0 lock=0 cq=0.00
th=99 steer=-4.60 ex=0.000cm ang=-37.61deg z=18.94cm tg=1.000 mode=1 conf=0.353 lost=0 L=5.261 R=5.091 expx=0.00 bmask=7 red=0.00 blk=0.00 bp=0.00 sym=0.0 lock=0 cq=0.00
th=98 steer=-9.09 ex=-0.809cm ang=31.72deg z=18.94cm tg=1.000 mode=1 conf=0.350 lost=0 L=5.002 R=4.667 expx=-4.25 bmask=7 red=0.00 blk=0.00 bp=0.00 sym=0.0 lock=0 cq=0.00
th=97 steer=-5.13 ex=-1.684cm ang=33.28deg z=18.94cm tg=1.000 mode=1 conf=0.347 lost=0 L=5.230 R=5.041 expx=-9.00 bmask=7 red=0.00 blk=0.00 bp=0.00 sym=0.0 lock=0 cq=0.00
th=98 steer=-2.54 ex=-2.346cm ang=35.91deg z=18.94cm tg=1.000 mode=1 conf=0.353 lost=0 L=5.380 R=5.286 expx=-12.38 bmask=7 red=0.00 blk=0.00 bp=0.00 sym=0.0 lock=0 cq=0.00
th=97 steer=-0.13 ex=-2.932cm ang=38.53deg z=18.94cm tg=1.000 mode=1 conf=0.358 lost=0 L=5.519 R=5.514 expx=-15.25 bmask=7 red=0.00 blk=0.00 bp=0.00 sym=0.0 lock=0 cq=0.00
th=96 steer=1.59 ex=-3.460cm ang=39.05deg z=18.94cm tg=1.000 mode=1 conf=0.339 lost=0 L=5.377 R=5.435 expx=-17.50 bmask=7 red=0.00 blk=0.00 bp=0.00 sym=0.0 lock=0 cq=0.00
th=96 steer=2.91 ex=-3.870cm ang=40.62deg z=18.94cm tg=0.994 mode=0 conf=0.342 lost=0 L=5.252 R=5.359 expx=-19.62 bmask=7 red=0.00 blk=0.00 bp=0.00 sym=0.0 lock=0 cq=0.00
th=96 steer=4.28 ex=-4.172cm ang=41.50deg z=18.94cm tg=0.700 mode=0 conf=0.283 lost=0 L=5.122 R=5.279 expx=-21.25 bmask=7 red=0.00 blk=0.00 bp=0.00 sym=0.0 lock=0 cq=0.00
th=97 steer=5.66 ex=-4.473cm ang=41.84deg z=18.94cm tg=0.475 mode=0 conf=0.238 lost=0 L=4.991 R=5.199 expx=-23.00 bmask=7 red=0.00 blk=0.00 bp=0.00 sym=0.0 lock=0 cq=0.00
th=97 steer=6.18 ex=-4.675cm ang=42.49deg z=19.09cm tg=0.388 mode=0 conf=0.213 lost=0 L=4.942 R=5.170 expx=-24.00 bmask=7 red=0.00 blk=0.00 bp=0.00 sym=0.0 lock=0 cq=0.00
th=98 steer=6.21 ex=-4.911cm ang=42.70deg z=19.24cm tg=0.688 mode=0 conf=0.194 lost=0 L=4.940 R=5.168 expx=-25.75 bmask=7 red=0.00 blk=0.00 bp=0.00 sym=0.0 lock=0 cq=0.00
th=91 steer=6.81 ex=-5.195cm ang=42.51deg z=19.40cm tg=0.725 mode=0 conf=0.152 lost=0 L=4.883 R=5.133 expx=-27.25 bmask=7 red=0.00 blk=0.00 bp=0.00 sym=0.0 lock=0 cq=0.00
th=96 steer=7.52 ex=-5.359cm ang=43.02deg z=19.40cm tg=0.550 mode=0 conf=0.133 lost=0 L=4.815 R=5.092 expx=-28.00 bmask=7 red=0.00 blk=0.00 bp=0.00 sym=0.0 lock=0 cq=0.00
th=92 steer=7.96 ex=-5.512cm ang=43.33deg z=19.56cm tg=0.537 mode=0 conf=0.118 lost=0 L=4.773 R=5.067 expx=-29.00 bmask=7 red=0.00 blk=0.00 bp=0.00 sym=0.0 lock=0 cq=0.00
th=97 steer=8.49 ex=-5.641cm ang=43.47deg z=19.56cm tg=0.463 mode=0 conf=0.114 lost=0 L=4.723 R=5.036 expx=-29.75 bmask=7 red=0.00 blk=0.00 bp=0.00 sym=0.0 lock=0 cq=0.00
th=97 steer=8.78 ex=-5.681cm ang=43.97deg z=19.56cm tg=0.312 mode=0 conf=0.114 lost=0 L=4.696 R=5.019 expx=-29.75 bmask=7 red=0.00 blk=0.00 bp=0.00 sym=0.0 lock=0 cq=0.00
th=95 steer=10.01 ex=-5.793cm ang=44.67deg z=19.71cm tg=0.087 mode=0 conf=0.110 lost=0 L=4.580 R=4.948 expx=-30.25 bmask=7 red=0.00 blk=0.00 bp=0.00 sym=0.0 lock=0 cq=0.00
th=97 steer=5.51 ex=-4.459cm ang=53.30deg z=19.71cm tg=0.150 mode=0 conf=0.110 lost=0 L=5.006 R=5.208 expx=-23.50 bmask=7 red=0.00 blk=0.00 bp=0.00 sym=0.0 lock=0 cq=0.00
th=94 steer=7.17 ex=-4.791cm ang=53.91deg z=19.87cm tg=0.163 mode=0 conf=0.106 lost=0 L=4.849 R=5.112 expx=-25.25 bmask=7 red=0.00 blk=0.00 bp=0.00 sym=0.0 lock=0 cq=0.00
th=93 steer=7.76 ex=-4.933cm ang=54.27deg z=20.03cm tg=0.275 mode=0 conf=0.103 lost=0 L=4.793 R=5.079 expx=-26.00 bmask=7 red=0.00 blk=0.00 bp=0.00 sym=0.0 lock=0 cq=0.00
th=98 steer=7.15 ex=-5.122cm ang=54.30deg z=20.03cm tg=0.625 mode=0 conf=0.103 lost=0 L=4.850 R=5.114 expx=-27.00 bmask=7 red=0.00 blk=0.00 bp=0.00 sym=0.0 lock=0 cq=0.00
th=93 steer=8.00 ex=-5.408cm ang=54.59deg z=20.18cm tg=0.487 mode=0 conf=0.099 lost=0 L=4.770 R=5.064 expx=-28.50 bmask=7 red=0.00 blk=0.00 bp=0.00 sym=0.0 lock=0 cq=0.00
th=89 steer=8.12 ex=-5.550cm ang=54.57deg z=20.18cm tg=0.775 mode=0 conf=0.099 lost=0 L=4.759 R=5.058 expx=-29.25 bmask=7 red=0.00 blk=0.00 bp=0.00 sym=0.0 lock=0 cq=0.00
th=95 steer=8.67 ex=-5.739cm ang=54.86deg z=20.34cm tg=0.662 mode=0 conf=0.096 lost=0 L=4.706 R=5.026 expx=-30.25 bmask=7 red=0.00 blk=0.00 bp=0.00 sym=0.0 lock=0 cq=0.00
th=98 steer=9.02 ex=-5.929cm ang=54.82deg z=20.34cm tg=0.912 mode=0 conf=0.096 lost=0 L=4.674 R=5.006 expx=-31.25 bmask=7 red=0.00 blk=0.00 bp=0.00 sym=0.0 lock=0 cq=0.00
th=94 steer=10.42 ex=-5.977cm ang=54.53deg z=20.34cm tg=1.000 mode=1 conf=0.096 lost=0 L=4.541 R=4.925 expx=-31.50 bmask=7 red=0.00 blk=0.00 bp=0.00 sym=0.0 lock=0 cq=0.00
